{"uid":"5d4a0797-584b-40ee-a408-779b570df501","event":"order.approved","data[order_id]":"16172","data[order_code]":"74Chị XíDBH-NV05","secret_key":"secret_key","domain":"demo.getflycrm.com"}